[INFO] [launch]: All log files can be found below /home/legion/.ros/log/2026-09-08-15-43-29-126067-legion-137210
[INFO] [launch]: Default logging verbosity is set to INFO
[INFO] [gzserver-1]: process started with pid [137221]
[INFO] [gzclient-2]: process started with pid [137223]
[INFO] [robot_state_publisher-3]: process started with pid [137225]
[INFO] [spawn_entity.py-4]: process started with pid [137227]
[robot_state_publisher-3] [INFO] [1788878609.830413100] [robot_state_publisher]: got segment base_footprint
[robot_state_publisher-3] [INFO] [1788878609.830516983] [robot_state_publisher]: got segment base_link
[robot_state_publisher-3] [INFO] [1788878609.830525987] [robot_state_publisher]: got segment front_left_wheel_link
[robot_state_publisher-3] [INFO] [1788878609.830531203] [robot_state_publisher]: got segment front_right_wheel_link
[robot_state_publisher-3] [INFO] [1788878609.830550085] [robot_state_publisher]: got segment imu_link
[robot_state_publisher-3] [INFO] [1788878609.830554362] [robot_state_publisher]: got segment lidar_link
[robot_state_publisher-3] [INFO] [1788878609.830558769] [robot_state_publisher]: got segment rear_left_wheel_link
[robot_state_publisher-3] [INFO] [1788878609.830563205] [robot_state_publisher]: got segment rear_right_wheel_link
[spawn_entity.py-4] [INFO] [1788878610.534373826] [spawn_entity]: Spawn Entity started
[spawn_entity.py-4] [INFO] [1788878610.534681295] [spawn_entity]: Loading entity published on topic robot_description
[spawn_entity.py-4] [INFO] [1788878610.536015858] [spawn_entity]: Waiting for entity xml on robot_description
[spawn_entity.py-4] [INFO] [1788878610.547263021] [spawn_entity]: Waiting for service /spawn_entity, timeout = 30
[spawn_entity.py-4] [INFO] [1788878610.547556618] [spawn_entity]: Waiting for service /spawn_entity
[spawn_entity.py-4] [INFO] [1788878611.551573459] [spawn_entity]: Calling service /spawn_entity
[spawn_entity.py-4] [INFO] [1788878611.859434210] [spawn_entity]: Spawn status: SpawnEntity: Successfully spawned entity [augdd]
[INFO] [spawn_entity.py-4]: process has finished cleanly [pid 137227]
[gzserver-1] [INFO] [1788878612.003093230] [diff_drive_controller]: Wheel pair 1 separation set to [0.500000m]
[gzserver-1] [INFO] [1788878612.003517013] [diff_drive_controller]: Wheel pair 1 diameter set to [0.150000m]
[gzserver-1] [INFO] [1788878612.004756045] [diff_drive_controller]: Subscribed to [/cmd_vel]
[gzserver-1] [INFO] [1788878612.007202407] [diff_drive_controller]: Advertise odometry on [/odom]
[gzserver-1] [INFO] [1788878612.009686712] [diff_drive_controller]: Publishing odom transforms between [odom] and [base_footprint]
[gzserver-1] [INFO] [1788878612.009716045] [diff_drive_controller]: Publishing wheel transforms between [base_footprint], [front_left_wheel_joint] and [front_right_wheel_joint]
[WARNING] [launch]: user interrupted with ctrl-c (SIGINT)
[robot_state_publisher-3] [INFO] [1788878692.761328550] [rclcpp]: signal_handler(SIGINT/SIGTERM)
[INFO] [robot_state_publisher-3]: process has finished cleanly [pid 137225]
[INFO] [gzclient-2]: process has finished cleanly [pid 137223]
[INFO] [gzserver-1]: process has finished cleanly [pid 137221]
